Errors[0] = Bad configuration for rule StyleCopEnabled: Unknown element(s) Dummy in configuration.
