Errors[0] = File is not referenced in project: Dir\My.File.cs
Errors[1] = File is not referenced in project: Dir\SubDir\My.File.cs
Errors[2] = File is not referenced in project: Properties\AssemblyInfo.cs
