Errors[0] = Bad configuration for rule FilesIncludedIntoProject: Unknown element(s) Dummy in configuration.
