<ReferenceNuGetPackagesOnly enabled="false">
  <Exception>
    <Project>ProjectToExcludeFromCheck.csproj</Project>
  </Exception>
</ReferenceNuGetPackagesOnly>