Errors[0] = Bad configuration for rule ReferenceNuGetPackagesOnly: <Project> element is missing in exceptions list.
