Errors[0] = StyleCop is missing in project StyleCopDisabled.csproj
