<SuppressWarnings enabled="false">
  <Exception>
    <Project>PUT PROJECT TO IGNORE HERE (e.g. FakeProject.csproj)</Project>
  </Exception>
</SuppressWarnings>