Errors[0] = Bad configuration for rule TreatStyleCopWarningsAsErrors: <Project> element is missing in exceptions list.
