<TreatStyleCopWarningsAsErrors enabled="false">
  <Exception>
    <!--As exception you can specify project name-->
    <Project>PUT PROJECT TO IGNORE HERE (e.g. FakeProject.csproj)</Project>
  </Exception>
</TreatStyleCopWarningsAsErrors>