Errors[0] = At least one of warnings 0466, 0421 is not treated as an error in project TreatTwoWarningsAsErrorsInGlobalConfiguration.csproj
