Errors[0] = Package reference ..\packages\xunit.1.9.2\lib\net20\xunit.dll in .csproj file without package entry in packages.config for project UsesTwoPackages.csproj
