Errors[0] = Cannot parse package version rule test for package xunit in config NuGetPackageVersions
