Errors[0] = Package xunit with version 1.9.2 is declared in projects.config, but not referenced in project UsesOnePackage.csproj
