Errors[0] = Bad configuration for rule ReferenceNuGetPackagesOnly: <Project> or <Assembly> elements are missing in exceptions list.
