Errors[0] = Bad configuration for rule ReferenceNuGetPackagesOnly: Unknown element <Dummy>.
