Errors[0] = Bad configuration for rule SameNuGetPackageVersions: Unknown element <Dummy>.
