Errors[0] = File is not referenced in project: FilesIncludedIntoProject\Dir\My.File.cs
Errors[1] = File is not referenced in project: FilesIncludedIntoProject\Dir\SubDir\My.File.cs
Errors[2] = File is not referenced in project: FilesIncludedIntoProject\Properties\AssemblyInfo.cs
