Errors[0] = Bad configuration for rule FilesIncludedIntoProject: Unknown entries within <FilesIncludedIntoProject>: <Dummy>, <Dummy2>. Allowed entries: <Exception>, <FileName>.
