Errors[0] = Bad configuration for rule SameNameForAssemblyAndRootNamespace: <Project> element is missing in exceptions list.
