Errors[0] = Unapproved warnings 0420, 0465 are suppressed in project SuppressTwoWarningsInOneConfig.csproj. Please make sure that setting is active for ALL configurations.
