Errors[0] = Bad configuration for rule SuppressWarnings: Unknown element <Dummy>.
