Errors[0] = Invalid target .NET framework profile '' in project TargetProfileEmpty.csproj
