Errors[0] = Bad configuration for rule TargetFrameworkProfile: Unknown entry within <TargetFrameworkProfile>: <Dummy>. Allowed entries: <Exception>, <Profile>.
