Errors[0] = Bad configuration for rule WarningLevel: <MinimalValue> element must contain an integer.
