Errors[0] = Bad configuration for rule WarningLevel: <MinimalValue> element is missing.
