Errors[0] = Warning level 0 is lower than required 2 in project WarningLevelTwoInOneConfiguration.csproj. Please make sure that setting is active for ALL configurations.
