<WarningLevel enabled="false" minimalValue="4">
  <Exception>FakeProject.csproj</Exception>
</WarningLevel>