Errors[0] = Warning level 2 is lower than required 3 in project WarningLevelTwoInOneConfigurationAndThreeInAnother.csproj
